Some weights of RobertaModel were not initialized from the model checkpoint at roberta-base and are newly initialized: ['pooler.dense.bias', 'pooler.dense.weight']
You should probably TRAIN this model on a down-stream task to be able to use it for predictions and inference.
Some weights of BertModel were not initialized from the model checkpoint at l3cube-pune/telugu-bert and are newly initialized: ['pooler.dense.bias', 'pooler.dense.weight']
You should probably TRAIN this model on a down-stream task to be able to use it for predictions and inference.
Some weights of BertModel were not initialized from the model checkpoint at l3cube-pune/hindi-bert-v2 and are newly initialized: ['pooler.dense.bias', 'pooler.dense.weight']
You should probably TRAIN this model on a down-stream task to be able to use it for predictions and inference.

==================== english: caching (once, shared across heads and fractions) ====================
  varying: task-data  caching done at 1111.9s
  english ours frac=0.10: score=0.7381 n_train=115  (1981.6s)
  english ours frac=0.25: score=0.7331 n_train=286  (2076.1s)
  english ours frac=0.50: score=0.7380 n_train=573  (2250.3s)
  english ours frac=1.00: score=0.7383 n_train=published checkpoint, leak-free eval  (10.6s)
  english ours: full sweep done  (6318.6s)
  (partial results written to E:\CognitiveEmbedding\cognitive-embedding\results\tables\data_size_sensitivity_sweep_leakfree.json)
  english linear frac=0.10: score=0.7053 n_train=115  (32.3s)
  english linear frac=0.25: score=0.7200 n_train=286  (34.3s)
  english linear frac=0.50: score=0.7146 n_train=573  (36.8s)
  english linear frac=1.00: score=0.7164 n_train=published checkpoint, leak-free eval  (0.8s)
  english linear: full sweep done  (104.2s)
  (partial results written to E:\CognitiveEmbedding\cognitive-embedding\results\tables\data_size_sensitivity_sweep_leakfree.json)
  english total: 7534.7s

==================== bangla: caching (once, shared across heads and fractions) ====================
  varying: task-data  caching done at 360.1s
  bangla ours frac=0.10: score=0.8857 n_train=220  (155.8s)
  bangla ours frac=0.25: score=0.8805 n_train=550  (320.5s)
  bangla ours frac=0.50: score=0.8642 n_train=1100  (604.6s)
  bangla ours frac=1.00: score=0.8839 n_train=published checkpoint, leak-free eval  (12.1s)
  bangla ours: full sweep done  (1093.1s)
  (partial results written to E:\CognitiveEmbedding\cognitive-embedding\results\tables\data_size_sensitivity_sweep_leakfree.json)
  bangla linear frac=0.10: score=0.8904 n_train=220  (4.7s)
  bangla linear frac=0.25: score=0.8861 n_train=550  (7.8s)
  bangla linear frac=0.50: score=0.8862 n_train=1100  (12.9s)
  bangla linear frac=1.00: score=0.8865 n_train=published checkpoint, leak-free eval  (0.9s)
  bangla linear: full sweep done  (26.2s)
  (partial results written to E:\CognitiveEmbedding\cognitive-embedding\results\tables\data_size_sensitivity_sweep_leakfree.json)
  bangla total: 1479.4s

==================== telugu: caching (once, shared across heads and fractions) ====================
  varying: task-data  caching done at 97.8s
  telugu ours frac=0.10: score=0.7282 n_train=55  (58.8s)
  telugu ours frac=0.25: score=0.7243 n_train=138  (122.9s)
  telugu ours frac=0.50: score=0.7568 n_train=276  (227.3s)
  telugu ours frac=1.00: score=0.7768 n_train=published checkpoint, leak-free eval  (3.5s)
  telugu ours: full sweep done  (412.5s)
  (partial results written to E:\CognitiveEmbedding\cognitive-embedding\results\tables\data_size_sensitivity_sweep_leakfree.json)
  telugu linear frac=0.10: score=0.7880 n_train=55  (1.4s)
  telugu linear frac=0.25: score=0.7772 n_train=138  (2.2s)
  telugu linear frac=0.50: score=0.7859 n_train=276  (3.4s)
  telugu linear frac=1.00: score=0.7912 n_train=published checkpoint, leak-free eval  (0.5s)
  telugu linear: full sweep done  (7.5s)
  (partial results written to E:\CognitiveEmbedding\cognitive-embedding\results\tables\data_size_sensitivity_sweep_leakfree.json)
  telugu total: 517.7s

==================== hindi: caching (once, shared across heads and fractions) ====================
  varying: nli-data  caching done at 980.0s
  hindi ours frac=0.10: score=0.6452 n_train=540  (287.4s)
  hindi ours frac=0.25: score=0.6575 n_train=1350  (651.2s)
  hindi ours frac=0.50: score=0.6812 n_train=2700  (1242.0s)
  hindi ours frac=1.00: score=0.6777 n_train=published checkpoint, leak-free eval  (8.4s)
  hindi ours: full sweep done  (2189.0s)
  (partial results written to E:\CognitiveEmbedding\cognitive-embedding\results\tables\data_size_sensitivity_sweep_leakfree.json)
  hindi linear frac=0.10: score=0.7133 n_train=540  (4.9s)
  hindi linear frac=0.25: score=0.7245 n_train=1350  (9.2s)
  hindi linear frac=0.50: score=0.7079 n_train=2700  (16.0s)
  hindi linear frac=1.00: score=0.7061 n_train=published checkpoint, leak-free eval  (0.7s)
  hindi linear: full sweep done  (30.8s)
  (partial results written to E:\CognitiveEmbedding\cognitive-embedding\results\tables\data_size_sensitivity_sweep_leakfree.json)
  hindi total: 3199.7s

==================== arabic: caching (once, shared across heads and fractions) ====================
  varying: nli-data  caching done at 909.7s
  arabic ours frac=0.10: score=0.3860 n_train=540  (256.5s)
  arabic ours frac=0.25: score=0.3841 n_train=1350  (584.0s)
  arabic ours frac=0.50: score=0.4309 n_train=2700  (1127.6s)
  arabic ours frac=1.00: score=0.4149 n_train=published checkpoint, leak-free eval  (4.0s)
  arabic ours: full sweep done  (1972.0s)
  (partial results written to E:\CognitiveEmbedding\cognitive-embedding\results\tables\data_size_sensitivity_sweep_leakfree.json)
  arabic linear frac=0.10: score=0.4636 n_train=540  (4.7s)
  arabic linear frac=0.25: score=0.4623 n_train=1350  (8.7s)
  arabic linear frac=0.50: score=0.4533 n_train=2700  (15.7s)
  arabic linear frac=1.00: score=0.4526 n_train=published checkpoint, leak-free eval  (0.5s)
  arabic linear: full sweep done  (29.6s)
  (partial results written to E:\CognitiveEmbedding\cognitive-embedding\results\tables\data_size_sensitivity_sweep_leakfree.json)
  arabic total: 2911.3s

=== Summary: does the margin shrink or reverse as data grows? (leak-free protocol) ===
  english (varying task-data):
    frac=0.10: ours=0.7381 linear=0.7053 margin(ours-linear)=+0.0329
    frac=0.25: ours=0.7331 linear=0.7200 margin(ours-linear)=+0.0132
    frac=0.50: ours=0.7380 linear=0.7146 margin(ours-linear)=+0.0234
    frac=1.00: ours=0.7383 linear=0.7164 margin(ours-linear)=+0.0219
  bangla (varying task-data):
    frac=0.10: ours=0.8857 linear=0.8904 margin(ours-linear)=-0.0047
    frac=0.25: ours=0.8805 linear=0.8861 margin(ours-linear)=-0.0056
    frac=0.50: ours=0.8642 linear=0.8862 margin(ours-linear)=-0.0220
    frac=1.00: ours=0.8839 linear=0.8865 margin(ours-linear)=-0.0026
  telugu (varying task-data):
    frac=0.10: ours=0.7282 linear=0.7880 margin(ours-linear)=-0.0597
    frac=0.25: ours=0.7243 linear=0.7772 margin(ours-linear)=-0.0530
    frac=0.50: ours=0.7568 linear=0.7859 margin(ours-linear)=-0.0291
    frac=1.00: ours=0.7768 linear=0.7912 margin(ours-linear)=-0.0144
  hindi (varying nli-data):
    frac=0.10: ours=0.6452 linear=0.7133 margin(ours-linear)=-0.0681
    frac=0.25: ours=0.6575 linear=0.7245 margin(ours-linear)=-0.0670
    frac=0.50: ours=0.6812 linear=0.7079 margin(ours-linear)=-0.0267
    frac=1.00: ours=0.6777 linear=0.7061 margin(ours-linear)=-0.0283
  arabic (varying nli-data):
    frac=0.10: ours=0.3860 linear=0.4636 margin(ours-linear)=-0.0776
    frac=0.25: ours=0.3841 linear=0.4623 margin(ours-linear)=-0.0782
    frac=0.50: ours=0.4309 linear=0.4533 margin(ours-linear)=-0.0224
    frac=1.00: ours=0.4149 linear=0.4526 margin(ours-linear)=-0.0377

Total time: 15642.9s
DONE_DATA_SIZE_SWEEP_LEAKFREE
Resuming: {'english': ['ours', 'linear'], 'telugu': ['ours', 'linear'], 'hindi': ['ours', 'linear'], 'arabic': ['ours', 'linear']}
english: both heads already done, skipping.

==================== bangla: caching (once, shared across heads and fractions) ====================
  varying: task-data  caching done at 416.9s
  bangla ours frac=0.10: score=0.8844 n_train=220  (161.3s)
  bangla ours frac=0.25: score=0.8971 n_train=550  (345.7s)
  bangla ours frac=0.50: score=0.8738 n_train=1100  (628.8s)
  bangla ours frac=1.00: score=0.8732 n_train=published checkpoint, leak-free eval  (9.9s)
  bangla ours: full sweep done  (1145.8s)
  (partial results written to E:\CognitiveEmbedding\cognitive-embedding\results\tables\data_size_sensitivity_sweep_leakfree.json)
  bangla linear frac=0.10: score=0.8920 n_train=220  (4.7s)
  bangla linear frac=0.25: score=0.8902 n_train=550  (7.7s)
  bangla linear frac=0.50: score=0.8873 n_train=1100  (13.0s)
  bangla linear frac=1.00: score=0.8926 n_train=published checkpoint, leak-free eval  (0.9s)
  bangla linear: full sweep done  (26.3s)
  (partial results written to E:\CognitiveEmbedding\cognitive-embedding\results\tables\data_size_sensitivity_sweep_leakfree.json)
  bangla total: 1589.0s
telugu: both heads already done, skipping.
hindi: both heads already done, skipping.
arabic: both heads already done, skipping.

=== Summary: does the margin shrink or reverse as data grows? (leak-free protocol) ===
  english (varying task-data):
    frac=0.10: ours=0.7381 linear=0.7053 margin(ours-linear)=+0.0329
    frac=0.25: ours=0.7331 linear=0.7200 margin(ours-linear)=+0.0132
    frac=0.50: ours=0.7380 linear=0.7146 margin(ours-linear)=+0.0234
    frac=1.00: ours=0.7383 linear=0.7164 margin(ours-linear)=+0.0219
  telugu (varying task-data):
    frac=0.10: ours=0.7282 linear=0.7880 margin(ours-linear)=-0.0597
    frac=0.25: ours=0.7243 linear=0.7772 margin(ours-linear)=-0.0530
    frac=0.50: ours=0.7568 linear=0.7859 margin(ours-linear)=-0.0291
    frac=1.00: ours=0.7768 linear=0.7912 margin(ours-linear)=-0.0144
  hindi (varying nli-data):
    frac=0.10: ours=0.6452 linear=0.7133 margin(ours-linear)=-0.0681
    frac=0.25: ours=0.6575 linear=0.7245 margin(ours-linear)=-0.0670
    frac=0.50: ours=0.6812 linear=0.7079 margin(ours-linear)=-0.0267
    frac=1.00: ours=0.6777 linear=0.7061 margin(ours-linear)=-0.0283
  arabic (varying nli-data):
    frac=0.10: ours=0.3860 linear=0.4636 margin(ours-linear)=-0.0776
    frac=0.25: ours=0.3841 linear=0.4623 margin(ours-linear)=-0.0782
    frac=0.50: ours=0.4309 linear=0.4533 margin(ours-linear)=-0.0224
    frac=1.00: ours=0.4149 linear=0.4526 margin(ours-linear)=-0.0377
  bangla (varying task-data):
    frac=0.10: ours=0.8844 linear=0.8920 margin(ours-linear)=-0.0076
    frac=0.25: ours=0.8971 linear=0.8902 margin(ours-linear)=+0.0070
    frac=0.50: ours=0.8738 linear=0.8873 margin(ours-linear)=-0.0135
    frac=1.00: ours=0.8732 linear=0.8926 margin(ours-linear)=-0.0194

Total time: 1589.0s
DONE_DATA_SIZE_SWEEP_LEAKFREE
Resuming: {'english': ['ours', 'linear'], 'telugu': ['ours', 'linear'], 'hindi': ['ours', 'linear'], 'arabic': ['ours', 'linear']}
english: both heads already done, skipping.

==================== bangla: caching (once, shared across heads and fractions) ====================
  varying: task-data  caching done at 419.3s
  bangla ours frac=0.10: score=0.8012 n_train=220  (164.4s)
  bangla ours frac=0.25: score=0.8339 n_train=550  (336.3s)
  bangla ours frac=0.50: score=0.8434 n_train=1100  (627.1s)
  bangla ours frac=1.00: score=0.8452 n_train=published checkpoint, leak-free eval  (11.0s)
  bangla ours: full sweep done  (1138.9s)
  (partial results written to E:\CognitiveEmbedding\cognitive-embedding\results\tables\data_size_sensitivity_sweep_leakfree.json)
  bangla linear frac=0.10: score=0.8502 n_train=220  (7.3s)
  bangla linear frac=0.25: score=0.8682 n_train=550  (32.8s)
  bangla linear frac=0.50: score=0.8621 n_train=1100  (21.0s)
  bangla linear frac=1.00: score=0.8647 n_train=published checkpoint, leak-free eval  (0.6s)
  bangla linear: full sweep done  (61.7s)
  (partial results written to E:\CognitiveEmbedding\cognitive-embedding\results\tables\data_size_sensitivity_sweep_leakfree.json)
  bangla total: 1619.9s
telugu: both heads already done, skipping.
hindi: both heads already done, skipping.
arabic: both heads already done, skipping.

=== Summary: does the margin shrink or reverse as data grows? (leak-free protocol) ===
  english (varying task-data):
    frac=0.10: ours=0.7381 linear=0.7053 margin(ours-linear)=+0.0329
    frac=0.25: ours=0.7331 linear=0.7200 margin(ours-linear)=+0.0132
    frac=0.50: ours=0.7380 linear=0.7146 margin(ours-linear)=+0.0234
    frac=1.00: ours=0.7383 linear=0.7164 margin(ours-linear)=+0.0219
  telugu (varying task-data):
    frac=0.10: ours=0.7282 linear=0.7880 margin(ours-linear)=-0.0597
    frac=0.25: ours=0.7243 linear=0.7772 margin(ours-linear)=-0.0530
    frac=0.50: ours=0.7568 linear=0.7859 margin(ours-linear)=-0.0291
    frac=1.00: ours=0.7768 linear=0.7912 margin(ours-linear)=-0.0144
  hindi (varying nli-data):
    frac=0.10: ours=0.6452 linear=0.7133 margin(ours-linear)=-0.0681
    frac=0.25: ours=0.6575 linear=0.7245 margin(ours-linear)=-0.0670
    frac=0.50: ours=0.6812 linear=0.7079 margin(ours-linear)=-0.0267
    frac=1.00: ours=0.6777 linear=0.7061 margin(ours-linear)=-0.0283
  arabic (varying nli-data):
    frac=0.10: ours=0.3860 linear=0.4636 margin(ours-linear)=-0.0776
    frac=0.25: ours=0.3841 linear=0.4623 margin(ours-linear)=-0.0782
    frac=0.50: ours=0.4309 linear=0.4533 margin(ours-linear)=-0.0224
    frac=1.00: ours=0.4149 linear=0.4526 margin(ours-linear)=-0.0377
  bangla (varying task-data):
    frac=0.10: ours=0.8012 linear=0.8502 margin(ours-linear)=-0.0490
    frac=0.25: ours=0.8339 linear=0.8682 margin(ours-linear)=-0.0342
    frac=0.50: ours=0.8434 linear=0.8621 margin(ours-linear)=-0.0187
    frac=1.00: ours=0.8452 linear=0.8647 margin(ours-linear)=-0.0194

Total time: 1619.9s
DONE_DATA_SIZE_SWEEP_LEAKFREE
