
==================== english: caching (once, shared across heads and fractions) ====================
Some weights of RobertaModel were not initialized from the model checkpoint at roberta-base and are newly initialized: ['pooler.dense.bias', 'pooler.dense.weight']
You should probably TRAIN this model on a down-stream task to be able to use it for predictions and inference.
  varying: task-data  caching done at 1665.8s
  english ours frac=0.10: score=0.7365 n_train=115  (1970.0s)
  english ours frac=0.25: score=0.7455 n_train=286  (2066.1s)
  english ours frac=0.50: score=0.7346 n_train=573  (2245.1s)
  english ours frac=1.00: score=0.7383 n_train=published  (0.0s)
  english linear frac=0.10: score=0.7053 n_train=115  (47.2s)
  english linear frac=0.25: score=0.7200 n_train=286  (48.2s)
  english linear frac=0.50: score=0.7146 n_train=573  (51.3s)
  english linear frac=1.00: score=0.7164 n_train=published  (0.0s)
  english total: 8098.0s
  (partial results written to E:\CognitiveEmbedding\cognitive-embedding\results\tables\data_size_sensitivity_sweep.json)

==================== bangla: caching (once, shared across heads and fractions) ====================
  varying: task-data  caching done at 522.5s
  bangla ours frac=0.10: score=0.8012 n_train=220  (158.4s)
  bangla ours frac=0.25: score=0.8347 n_train=550  (325.3s)
  bangla ours frac=0.50: score=0.8295 n_train=1100  (596.5s)
  bangla ours frac=1.00: score=0.8452 n_train=published  (0.0s)
  bangla linear frac=0.10: score=0.8502 n_train=220  (5.4s)
  bangla linear frac=0.25: score=0.8682 n_train=550  (12.0s)
  bangla linear frac=0.50: score=0.8621 n_train=1100  (16.9s)
  bangla linear frac=1.00: score=0.8647 n_train=published  (0.0s)
  bangla total: 1636.9s
  (partial results written to E:\CognitiveEmbedding\cognitive-embedding\results\tables\data_size_sensitivity_sweep.json)

==================== telugu: caching (once, shared across heads and fractions) ====================
Some weights of BertModel were not initialized from the model checkpoint at l3cube-pune/telugu-bert and are newly initialized: ['pooler.dense.bias', 'pooler.dense.weight']
You should probably TRAIN this model on a down-stream task to be able to use it for predictions and inference.
  varying: task-data  caching done at 174.7s
  telugu ours frac=0.10: score=0.7282 n_train=55  (60.0s)
  telugu ours frac=0.25: score=0.7492 n_train=138  (124.5s)
  telugu ours frac=0.50: score=0.7586 n_train=276  (232.4s)
  telugu ours frac=1.00: score=0.7768 n_train=published  (0.0s)
  telugu linear frac=0.10: score=0.7880 n_train=55  (1.7s)
  telugu linear frac=0.25: score=0.7772 n_train=138  (2.8s)
  telugu linear frac=0.50: score=0.7859 n_train=276  (4.9s)
  telugu linear frac=1.00: score=0.7912 n_train=published  (0.0s)
  telugu total: 601.0s
  (partial results written to E:\CognitiveEmbedding\cognitive-embedding\results\tables\data_size_sensitivity_sweep.json)

==================== hindi: caching (once, shared across heads and fractions) ====================
Some weights of BertModel were not initialized from the model checkpoint at l3cube-pune/hindi-bert-v2 and are newly initialized: ['pooler.dense.bias', 'pooler.dense.weight']
You should probably TRAIN this model on a down-stream task to be able to use it for predictions and inference.
  varying: nli-data  caching done at 1673.5s
  hindi ours frac=0.10: score=0.6991 n_train=540  (292.3s)
  hindi ours frac=0.25: score=0.7163 n_train=1350  (658.5s)
  hindi ours frac=0.50: score=0.7123 n_train=2700  (1306.6s)
  hindi ours frac=1.00: score=0.6980 n_train=published  (0.0s)
  hindi linear frac=0.10: score=0.7133 n_train=540  (6.1s)
  hindi linear frac=0.25: score=0.7245 n_train=1350  (12.2s)
  hindi linear frac=0.50: score=0.7079 n_train=2700  (22.5s)
  hindi linear frac=1.00: score=0.7061 n_train=published  (0.0s)
  hindi total: 3971.5s
  (partial results written to E:\CognitiveEmbedding\cognitive-embedding\results\tables\data_size_sensitivity_sweep.json)

==================== arabic: caching (once, shared across heads and fractions) ====================
  varying: nli-data  caching done at 1541.2s
  arabic ours frac=0.10: score=0.3834 n_train=540  (263.2s)
  arabic ours frac=0.25: score=0.4251 n_train=1350  (609.6s)
