Loading intfloat/multilingual-e5-base (full fine-tune, no frozen backbone)...
Reduced training set: 300 pairs (main experiments use ~2,200). Test set (unchanged, full): 1379 pairs.

Fine-tuning (2 epochs, batch=8, lr=2e-05)...
  epoch 0 step 1/38 loss=0.1260  (35s elapsed)
  epoch 0 step 2/38 loss=0.1240  (71s elapsed)
  epoch 0 step 3/38 loss=0.1248  (105s elapsed)
  epoch 0 step 4/38 loss=0.0537  (134s elapsed)
  epoch 0 step 5/38 loss=0.0371  (169s elapsed)
  epoch 0 step 6/38 loss=0.0370  (212s elapsed)
  epoch 0 step 7/38 loss=0.0283  (258s elapsed)
  epoch 0 step 8/38 loss=0.0103  (317s elapsed)
  epoch 0 step 9/38 loss=0.0569  (362s elapsed)
  epoch 0 step 10/38 loss=0.0242  (411s elapsed)
  epoch 0 step 11/38 loss=0.0044  (464s elapsed)
  epoch 0 step 12/38 loss=0.0182  (500s elapsed)
  epoch 0 step 13/38 loss=0.0188  (526s elapsed)
  epoch 0 step 14/38 loss=0.0067  (550s elapsed)
  epoch 0 step 15/38 loss=0.0057  (593s elapsed)
  epoch 0 step 16/38 loss=0.0010  (632s elapsed)
  epoch 0 step 17/38 loss=0.0088  (656s elapsed)
  epoch 0 step 18/38 loss=0.0068  (672s elapsed)
  epoch 0 step 19/38 loss=0.0026  (685s elapsed)
  epoch 0 step 20/38 loss=0.0021  (698s elapsed)
  epoch 0 step 21/38 loss=0.0026  (710s elapsed)
  epoch 0 step 22/38 loss=0.0011  (721s elapsed)
  epoch 0 step 23/38 loss=0.0016  (736s elapsed)
  epoch 0 step 24/38 loss=0.0022  (757s elapsed)
  epoch 0 step 25/38 loss=0.0040  (786s elapsed)
  epoch 0 step 26/38 loss=0.0125  (806s elapsed)
  epoch 0 step 27/38 loss=0.0015  (824s elapsed)
  epoch 0 step 28/38 loss=0.0030  (835s elapsed)
  epoch 0 step 29/38 loss=0.0028  (846s elapsed)
  epoch 0 step 30/38 loss=0.0002  (854s elapsed)
  epoch 0 step 31/38 loss=0.0014  (863s elapsed)
  epoch 0 step 32/38 loss=0.0002  (872s elapsed)
  epoch 0 step 33/38 loss=0.0001  (882s elapsed)
  epoch 0 step 34/38 loss=0.0003  (896s elapsed)
  epoch 0 step 35/38 loss=0.0012  (913s elapsed)
  epoch 0 step 36/38 loss=0.0024  (928s elapsed)
  epoch 0 step 37/38 loss=0.0003  (946s elapsed)
  epoch 0 step 38/38 loss=0.0003  (955s elapsed)
  epoch 0 mean_loss=0.0193
  epoch 1 step 1/38 loss=0.0011  (965s elapsed)
  epoch 1 step 2/38 loss=0.0010  (975s elapsed)
  epoch 1 step 3/38 loss=0.0004  (985s elapsed)
  epoch 1 step 4/38 loss=0.0002  (995s elapsed)
  epoch 1 step 5/38 loss=0.0001  (1004s elapsed)
  epoch 1 step 6/38 loss=0.0003  (1012s elapsed)
  epoch 1 step 7/38 loss=0.0003  (1021s elapsed)
  epoch 1 step 8/38 loss=0.0001  (1030s elapsed)
  epoch 1 step 9/38 loss=0.0008  (1039s elapsed)
  epoch 1 step 10/38 loss=0.0001  (1048s elapsed)
  epoch 1 step 11/38 loss=0.0003  (1059s elapsed)
  epoch 1 step 12/38 loss=0.0001  (1070s elapsed)
  epoch 1 step 13/38 loss=0.0183  (1079s elapsed)
  epoch 1 step 14/38 loss=0.0002  (1085s elapsed)
  epoch 1 step 15/38 loss=0.0014  (1092s elapsed)
  epoch 1 step 16/38 loss=0.0002  (1101s elapsed)
  epoch 1 step 17/38 loss=0.0002  (1109s elapsed)
  epoch 1 step 18/38 loss=0.0002  (1121s elapsed)
  epoch 1 step 19/38 loss=0.0075  (1131s elapsed)
  epoch 1 step 20/38 loss=0.0007  (1139s elapsed)
  epoch 1 step 21/38 loss=0.0001  (1147s elapsed)
  epoch 1 step 22/38 loss=0.0002  (1157s elapsed)
  epoch 1 step 23/38 loss=0.0000  (1165s elapsed)
  epoch 1 step 24/38 loss=0.0003  (1173s elapsed)
  epoch 1 step 25/38 loss=0.0000  (1182s elapsed)
  epoch 1 step 26/38 loss=0.0007  (1191s elapsed)
  epoch 1 step 27/38 loss=0.0004  (1200s elapsed)
  epoch 1 step 28/38 loss=0.0002  (1207s elapsed)
  epoch 1 step 29/38 loss=0.0000  (1215s elapsed)
  epoch 1 step 30/38 loss=0.0013  (1226s elapsed)
  epoch 1 step 31/38 loss=0.0001  (1243s elapsed)
  epoch 1 step 32/38 loss=0.0001  (1255s elapsed)
  epoch 1 step 33/38 loss=0.0002  (1265s elapsed)
  epoch 1 step 34/38 loss=0.0000  (1273s elapsed)
  epoch 1 step 35/38 loss=0.0042  (1280s elapsed)
  epoch 1 step 36/38 loss=0.0001  (1290s elapsed)
  epoch 1 step 37/38 loss=0.0000  (1303s elapsed)
  epoch 1 step 38/38 loss=0.0012  (1310s elapsed)
  epoch 1 mean_loss=0.0011

Evaluating on full STS-B test set...

=== Reduced fine-tune of intfloat/multilingual-e5-base on English STS-B ===
  trained on 300 pairs, 2 epochs
  test Spearman (fine-tuned): 0.8551
  (compare against results/tables/extra_baselines_results.json's zero-shot me5_base and paper Table tab:baseline-head)

Results written to E:\CognitiveEmbedding\cognitive-embedding\results\tables\me5_finetuned_reduced.json
Total time: 1470.8s
