Loading sentence-transformers/LaBSE (full fine-tune, no frozen backbone)...
Reduced training set: 300 pairs (main experiments use ~2,200). Test set (unchanged, full): 1379 pairs.

Fine-tuning (2 epochs, batch=8, lr=2e-05)...
  epoch 0 step 1/38 loss=0.0069  (66s elapsed)
  epoch 0 step 2/38 loss=0.0084  (123s elapsed)
  epoch 0 step 3/38 loss=0.0055  (173s elapsed)
  epoch 0 step 4/38 loss=0.0008  (225s elapsed)
  epoch 0 step 5/38 loss=0.0013  (276s elapsed)
  epoch 0 step 6/38 loss=0.0009  (323s elapsed)
  epoch 0 step 7/38 loss=0.0182  (376s elapsed)
  epoch 0 step 8/38 loss=0.0016  (432s elapsed)
  epoch 0 step 9/38 loss=0.0544  (488s elapsed)
  epoch 0 step 10/38 loss=0.0055  (543s elapsed)
  epoch 0 step 11/38 loss=0.0017  (601s elapsed)
  epoch 0 step 12/38 loss=0.0050  (652s elapsed)
  epoch 0 step 13/38 loss=0.0010  (707s elapsed)
  epoch 0 step 14/38 loss=0.0036  (761s elapsed)
  epoch 0 step 15/38 loss=0.0118  (814s elapsed)
  epoch 0 step 16/38 loss=0.0001  (875s elapsed)
  epoch 0 step 17/38 loss=0.0026  (935s elapsed)
  epoch 0 step 18/38 loss=0.0058  (987s elapsed)
  epoch 0 step 19/38 loss=0.0001  (1045s elapsed)
  epoch 0 step 20/38 loss=0.0013  (1101s elapsed)
  epoch 0 step 21/38 loss=0.0008  (1163s elapsed)
  epoch 0 step 22/38 loss=0.0003  (1213s elapsed)
  epoch 0 step 23/38 loss=0.0004  (1267s elapsed)
  epoch 0 step 24/38 loss=0.0018  (1322s elapsed)
  epoch 0 step 25/38 loss=0.0155  (1383s elapsed)
  epoch 0 step 26/38 loss=0.0247  (1452s elapsed)
  epoch 0 step 27/38 loss=0.0003  (1518s elapsed)
  epoch 0 step 28/38 loss=0.0010  (1583s elapsed)
  epoch 0 step 29/38 loss=0.0015  (1642s elapsed)
  epoch 0 step 30/38 loss=0.0004  (1699s elapsed)
  epoch 0 step 31/38 loss=0.0002  (1754s elapsed)
  epoch 0 step 32/38 loss=0.0003  (1815s elapsed)
  epoch 0 step 33/38 loss=0.0001  (1874s elapsed)
  epoch 0 step 34/38 loss=0.0004  (1945s elapsed)
  epoch 0 step 35/38 loss=0.0009  (2018s elapsed)
  epoch 0 step 36/38 loss=0.0003  (2091s elapsed)
  epoch 0 step 37/38 loss=0.0001  (2161s elapsed)
  epoch 0 step 38/38 loss=0.0033  (2238s elapsed)
  epoch 0 mean_loss=0.0050
  epoch 1 step 1/38 loss=0.0002  (2313s elapsed)
  epoch 1 step 2/38 loss=0.0007  (2403s elapsed)
  epoch 1 step 3/38 loss=0.0005  (2464s elapsed)
  epoch 1 step 4/38 loss=0.0006  (2531s elapsed)
  epoch 1 step 5/38 loss=0.0001  (2594s elapsed)
  epoch 1 step 6/38 loss=0.0011  (2651s elapsed)
  epoch 1 step 7/38 loss=0.0001  (2711s elapsed)
  epoch 1 step 8/38 loss=0.0002  (2770s elapsed)
  epoch 1 step 9/38 loss=0.0016  (2832s elapsed)
  epoch 1 step 10/38 loss=0.0001  (2892s elapsed)
  epoch 1 step 11/38 loss=0.0002  (2955s elapsed)
  epoch 1 step 12/38 loss=0.0001  (3017s elapsed)
  epoch 1 step 13/38 loss=0.0036  (3078s elapsed)
  epoch 1 step 14/38 loss=0.0001  (3139s elapsed)
  epoch 1 step 15/38 loss=0.0020  (3197s elapsed)
  epoch 1 step 16/38 loss=0.0002  (3253s elapsed)
  epoch 1 step 17/38 loss=0.0001  (3310s elapsed)
  epoch 1 step 18/38 loss=0.0001  (3369s elapsed)
  epoch 1 step 19/38 loss=0.0011  (3428s elapsed)
  epoch 1 step 20/38 loss=0.0002  (3498s elapsed)
  epoch 1 step 21/38 loss=0.0004  (3568s elapsed)
  epoch 1 step 22/38 loss=0.0006  (3634s elapsed)
  epoch 1 step 23/38 loss=0.0001  (3706s elapsed)
  epoch 1 step 24/38 loss=0.0001  (3772s elapsed)
  epoch 1 step 25/38 loss=0.0001  (3844s elapsed)
  epoch 1 step 26/38 loss=0.0003  (3913s elapsed)
  epoch 1 step 27/38 loss=0.0009  (3985s elapsed)
  epoch 1 step 28/38 loss=0.0009  (4058s elapsed)
  epoch 1 step 29/38 loss=0.0001  (4142s elapsed)
  epoch 1 step 30/38 loss=0.0005  (4225s elapsed)
  epoch 1 step 31/38 loss=0.0000  (4339s elapsed)
  epoch 1 step 32/38 loss=0.0001  (4436s elapsed)
  epoch 1 step 33/38 loss=0.0004  (4530s elapsed)
  epoch 1 step 34/38 loss=0.0002  (4636s elapsed)
  epoch 1 step 35/38 loss=0.0045  (4756s elapsed)
  epoch 1 step 36/38 loss=0.0001  (4877s elapsed)
  epoch 1 step 37/38 loss=0.0001  (4980s elapsed)
  epoch 1 step 38/38 loss=0.0002  (5088s elapsed)
  epoch 1 mean_loss=0.0006

Evaluating on full STS-B test set...

=== Reduced fine-tune of sentence-transformers/LaBSE on English STS-B ===
  trained on 300 pairs, 2 epochs
  test Spearman (fine-tuned): 0.7973
  (compare against the zero-shot LaBSE number implied by Table tab:specialist's 'vs. LaBSE' column and paper Table tab:baseline-head)

Results written to E:\CognitiveEmbedding\cognitive-embedding\results\tables\labse_finetuned_reduced.json
Total time: 5257.4s
