Loading frozen backbone (xlm-roberta-base)...
Warning: You are sending unauthenticated requests to the HF Hub. Please set a HF_TOKEN to enable higher rate limits and faster downloads.
Loading weights:   0%|          | 0/199 [00:00<?, ?it/s]Loading weights: 100%|##########| 199/199 [00:00<00:00, 3020.27it/s]
[transformers] [1mXLMRobertaModel LOAD REPORT[0m from: xlm-roberta-base
Key                       | Status     |  | 
--------------------------+------------+--+-
lm_head.layer_norm.weight | UNEXPECTED |  | 
lm_head.dense.weight      | UNEXPECTED |  | 
lm_head.dense.bias        | UNEXPECTED |  | 
lm_head.bias              | UNEXPECTED |  | 
lm_head.layer_norm.bias   | UNEXPECTED |  | 

Notes:
- UNEXPECTED:	can be ignored when loading from different task/architecture; not ok if you expect identical arch.

=== Stage 1: training CognitiveEmbeddingCore (Attention + Composition) ===
[core] Train pairs after gold>=3.0 filter: 1178/2200, Val: 500
[core] Caching token features (frozen backbone forward pass, done once)...
[core] epoch  0 loss=0.6592 val_spearman=0.6701 (best=0.6701)
[core] epoch  1 loss=0.0990 val_spearman=0.6881 (best=0.6881)
[core] epoch  2 loss=0.0541 val_spearman=0.6681 (best=0.6881)
[core] epoch  3 loss=0.0351 val_spearman=0.6874 (best=0.6881)
[core] epoch  4 loss=0.0267 val_spearman=0.6987 (best=0.6987)
[core] epoch  5 loss=0.0163 val_spearman=0.6994 (best=0.6994)
[core] epoch  6 loss=0.0130 val_spearman=0.7143 (best=0.7143)
[core] epoch  7 loss=0.0090 val_spearman=0.7133 (best=0.7143)
[core] epoch  8 loss=0.0062 val_spearman=0.7146 (best=0.7146)
[core] epoch  9 loss=0.0095 val_spearman=0.7308 (best=0.7308)
[core] epoch 10 loss=0.0087 val_spearman=0.7175 (best=0.7308)
[core] epoch 11 loss=0.0091 val_spearman=0.7226 (best=0.7308)
[core] epoch 12 loss=0.0085 val_spearman=0.7321 (best=0.7321)
[core] epoch 13 loss=0.0080 val_spearman=0.7319 (best=0.7321)
[core] epoch 14 loss=0.0082 val_spearman=0.7184 (best=0.7321)

=== Stage 2: training PredictiveHead ===
[predictive] Train pairs: 2523, Val pairs: 465
[predictive] Caching token features...
[predictive] epoch  0 loss=3.3844 val_recall@1=0.0108 (best=0.0108)
[predictive] epoch  1 loss=2.8898 val_recall@1=0.0129 (best=0.0129)
[predictive] epoch  2 loss=2.5778 val_recall@1=0.0129 (best=0.0129)
[predictive] epoch  3 loss=2.3611 val_recall@1=0.0215 (best=0.0215)
[predictive] epoch  4 loss=2.1416 val_recall@1=0.0151 (best=0.0215)
[predictive] epoch  5 loss=1.9487 val_recall@1=0.0194 (best=0.0215)
[predictive] epoch  6 loss=1.8298 val_recall@1=0.0108 (best=0.0215)
[predictive] epoch  7 loss=1.5924 val_recall@1=0.0086 (best=0.0215)
[predictive] epoch  8 loss=1.4589 val_recall@1=0.0129 (best=0.0215)
[predictive] epoch  9 loss=1.3767 val_recall@1=0.0086 (best=0.0215)
[predictive] epoch 10 loss=1.2150 val_recall@1=0.0108 (best=0.0215)
[predictive] epoch 11 loss=1.1587 val_recall@1=0.0108 (best=0.0215)
[predictive] epoch 12 loss=1.0978 val_recall@1=0.0086 (best=0.0215)
[predictive] epoch 13 loss=1.0153 val_recall@1=0.0129 (best=0.0215)
[predictive] epoch 14 loss=0.9975 val_recall@1=0.0151 (best=0.0215)

Total training time: 2288.0s
Core best val Spearman: 0.7321
Predictive head best val Recall@1: 0.0215
Checkpoints saved to E:\CognitiveEmbedding\cognitive-embedding\results
