Loading discourse-ordered corpus (wikitext-2)...
Loaded 500 documents
Items -- train: 181, val: 38, test: 38
Caching per-token multi-layer-averaged features for train/val/test (slow part, done once)...
Caching done in 324.9s.
content_only test AUROC: 0.7004
fixed_decay test AUROC: 0.5574
learned_decay test AUROC: 0.5562

Training CoALA-inspired semantic memory (40 epochs, multi-positive NLL loss, on WHITENED features)...
  epoch  0  train_loss=0.6768 train_auroc=0.5915  val_auroc=0.6380 (best=0.6380)  tau=0.905
  epoch  5  train_loss=0.0005 train_auroc=1.0000  val_auroc=0.6393 (best=0.6452)  tau=0.150
  epoch 10  train_loss=0.0000 train_auroc=1.0000  val_auroc=0.6382 (best=0.6452)  tau=0.116
  epoch 15  train_loss=0.0000 train_auroc=1.0000  val_auroc=0.6367 (best=0.6452)  tau=0.103
  epoch 20  train_loss=0.0000 train_auroc=1.0000  val_auroc=0.6371 (best=0.6452)  tau=0.095
  epoch 25  train_loss=0.0000 train_auroc=1.0000  val_auroc=0.6363 (best=0.6452)  tau=0.090
  epoch 30  train_loss=0.0000 train_auroc=1.0000  val_auroc=0.6359 (best=0.6452)  tau=0.085
  epoch 35  train_loss=0.0000 train_auroc=1.0000  val_auroc=0.6357 (best=0.6452)  tau=0.081
  epoch 39  train_loss=0.0000 train_auroc=1.0000  val_auroc=0.6357 (best=0.6452)  tau=0.079
coala_inspired test AUROC: 0.6371  (params=984,577)

=== Summary (English, shared XLM-R-base backbone, held-out test split) ===
  content_only: test_auroc=0.7004  trainable_params=0
  fixed_decay: test_auroc=0.5574  trainable_params=0
  learned_decay: test_auroc=0.5562  trainable_params=2
  coala_inspired: test_auroc=0.6371  trainable_params=984577

Results written to E:\CognitiveEmbedding\cognitive-embedding\results\tables\memory_scoring_variants.json
Total time: 340.3s
