Some weights of RobertaModel were not initialized from the model checkpoint at roberta-base and are newly initialized: ['pooler.dense.bias', 'pooler.dense.weight']
You should probably TRAIN this model on a down-stream task to be able to use it for predictions and inference.

=============== english (roberta-base) ===============
  Memory-Aware Retrieval (english)...
    auroc=0.7798 (n_items=257)
  Predictive Head (english)...
    epoch  0 val_recall@1=0.0129 (best=0.0129)
    epoch  1 val_recall@1=0.0151 (best=0.0151)
    epoch  2 val_recall@1=0.0129 (best=0.0151)
    epoch  3 val_recall@1=0.0151 (best=0.0151)
    epoch  4 val_recall@1=0.0065 (best=0.0151)
    epoch  5 val_recall@1=0.0129 (best=0.0151)
    epoch  6 val_recall@1=0.0065 (best=0.0151)
    epoch  7 val_recall@1=0.0086 (best=0.0151)
    epoch  8 val_recall@1=0.0086 (best=0.0151)
    epoch  9 val_recall@1=0.0086 (best=0.0151)
    epoch 10 val_recall@1=0.0108 (best=0.0151)
    epoch 11 val_recall@1=0.0108 (best=0.0151)
    epoch 12 val_recall@1=0.0129 (best=0.0151)
    epoch 13 val_recall@1=0.0065 (best=0.0151)
    epoch 14 val_recall@1=0.0065 (best=0.0151)
    trained=0.0151 untrained=0.0022 chance=0.0022

=============== bangla (csebuetnlp/banglabert) ===============
  Memory-Aware Retrieval (bangla)...
    auroc=0.7167 (n_items=477)
  Predictive Head (bangla)...
    epoch  0 val_recall@1=0.0061 (best=0.0061)
    epoch  1 val_recall@1=0.0184 (best=0.0184)
    epoch  2 val_recall@1=0.0143 (best=0.0184)
    epoch  3 val_recall@1=0.0102 (best=0.0184)
    epoch  4 val_recall@1=0.0123 (best=0.0184)
    epoch  5 val_recall@1=0.0123 (best=0.0184)
    epoch  6 val_recall@1=0.0123 (best=0.0184)
    epoch  7 val_recall@1=0.0082 (best=0.0184)
    epoch  8 val_recall@1=0.0082 (best=0.0184)
    epoch  9 val_recall@1=0.0164 (best=0.0184)
    epoch 10 val_recall@1=0.0143 (best=0.0184)
    epoch 11 val_recall@1=0.0225 (best=0.0225)
    epoch 12 val_recall@1=0.0143 (best=0.0225)
    epoch 13 val_recall@1=0.0184 (best=0.0225)
    epoch 14 val_recall@1=0.0143 (best=0.0225)
    trained=0.0225 untrained=0.0020 chance=0.0020

=== Summary (specialist monolingual backbones) ===
Memory-Aware Retrieval (AUROC, 0.5=chance):
  english (roberta-base): 0.7798
  bangla (csebuetnlp/banglabert): 0.7167
Predictive Head (Recall@1):
  english (roberta-base): trained=0.0151 untrained=0.0022 chance=0.0022
  bangla (csebuetnlp/banglabert): trained=0.0225 untrained=0.0020 chance=0.0020

Results written to E:\CognitiveEmbedding\cognitive-embedding\results\tables\memory_predictive_specialist.json
Total time: 2273.4s
