Loading frozen backbone (xlm-roberta-base)...

=== Stage 0: NLI pretrain (SNLI+MultiNLI, SimCSE-supervised) ===
[nli] Train triplets: 5700, Val triplets: 300
[nli] Caching token features (frozen backbone forward pass, done once)...
[nli] epoch  0 train_loss=1.3237 val_loss=2.0476 (best=2.0476)
[nli] epoch  1 train_loss=0.7194 val_loss=1.8152 (best=1.8152)
[nli] epoch  2 train_loss=0.4633 val_loss=1.7105 (best=1.7105)
[nli] epoch  3 train_loss=0.3155 val_loss=1.7454 (best=1.7105)
[nli] epoch  4 train_loss=0.2298 val_loss=1.7936 (best=1.7105)
[nli] epoch  5 train_loss=0.1643 val_loss=1.7709 (best=1.7105)

=== Stage 1: training CognitiveEmbeddingCore (Attention + Composition) ===
[core] Train pairs after gold>=3.0 filter: 1178/2200, Val: 500
[core] Caching token features (frozen backbone forward pass, done once)...
[core] epoch  0 loss=0.1576 val_spearman=0.7152 (best=0.7152)
[core] epoch  1 loss=0.0664 val_spearman=0.7188 (best=0.7188)
[core] epoch  2 loss=0.0328 val_spearman=0.7104 (best=0.7188)
[core] epoch  3 loss=0.0244 val_spearman=0.7205 (best=0.7205)
[core] epoch  4 loss=0.0217 val_spearman=0.7257 (best=0.7257)
[core] epoch  5 loss=0.0122 val_spearman=0.7273 (best=0.7273)
[core] epoch  6 loss=0.0142 val_spearman=0.7289 (best=0.7289)
[core] epoch  7 loss=0.0085 val_spearman=0.7299 (best=0.7299)
[core] epoch  8 loss=0.0042 val_spearman=0.7355 (best=0.7355)
[core] epoch  9 loss=0.0086 val_spearman=0.7320 (best=0.7355)
[core] epoch 10 loss=0.0091 val_spearman=0.7308 (best=0.7355)
[core] epoch 11 loss=0.0084 val_spearman=0.7322 (best=0.7355)
[core] epoch 12 loss=0.0096 val_spearman=0.7296 (best=0.7355)
[core] epoch 13 loss=0.0075 val_spearman=0.7325 (best=0.7355)
[core] epoch 14 loss=0.0077 val_spearman=0.7311 (best=0.7355)

=== Stage 2: training PredictiveHead ===
[predictive] Train pairs: 2523, Val pairs: 465
[predictive] Caching token features...
[predictive] epoch  0 loss=3.3844 val_recall@1=0.0108 (best=0.0108)
[predictive] epoch  1 loss=2.8898 val_recall@1=0.0129 (best=0.0129)
[predictive] epoch  2 loss=2.5778 val_recall@1=0.0129 (best=0.0129)
[predictive] epoch  3 loss=2.3611 val_recall@1=0.0215 (best=0.0215)
[predictive] epoch  4 loss=2.1416 val_recall@1=0.0151 (best=0.0215)
[predictive] epoch  5 loss=1.9487 val_recall@1=0.0194 (best=0.0215)
[predictive] epoch  6 loss=1.8298 val_recall@1=0.0108 (best=0.0215)
[predictive] epoch  7 loss=1.5924 val_recall@1=0.0086 (best=0.0215)
[predictive] epoch  8 loss=1.4589 val_recall@1=0.0129 (best=0.0215)
[predictive] epoch  9 loss=1.3767 val_recall@1=0.0086 (best=0.0215)
[predictive] epoch 10 loss=1.2150 val_recall@1=0.0108 (best=0.0215)
[predictive] epoch 11 loss=1.1587 val_recall@1=0.0108 (best=0.0215)
[predictive] epoch 12 loss=1.0978 val_recall@1=0.0086 (best=0.0215)
[predictive] epoch 13 loss=1.0153 val_recall@1=0.0129 (best=0.0215)
[predictive] epoch 14 loss=0.9975 val_recall@1=0.0151 (best=0.0215)

Total training time: 5628.3s
NLI pretrain best val loss: 1.7105 (5700 triplets)
Core best val Spearman: 0.7355
Predictive head best val Recall@1: 0.0215
Checkpoints saved to E:\CognitiveEmbedding\cognitive-embedding\results
